D:\Work\maven\bin\mvnd.cmd : May 17, 2026 2:20:33 PM org.jline.utils.Log logr
At line:1 char:1
+ D:\Work\maven\bin\mvnd.cmd clean test 2>&1 | Tee-Object -FilePath tes ...
+ ~~~~~~~~~~~~~~~~~~~~~~~~~~~~~~~~~~~~~~~~~~
    + CategoryInfo          : NotSpecified: (May 17, 2026 2:....utils.Log logr 
   :String) [], RemoteException
    + FullyQualifiedErrorId : NativeCommandError
 
WARNING: Unable to create a system terminal, creating a dumb terminal (enable 
debug logging for more information)
[main] WARNING org.jline - Unable to create a system terminal, creating a dumb 
terminal (enable debug logging for more information)
[main] WARNING org.mvndaemon.mvnd.client.DaemonParameters - Falling back to 
finding JAVA_HOME by running java executable available in PATH. You may want 
to avoid this time consuming task by setting JAVA_HOME environment variable or 
by passing java.home system property through command line or in one of mvnd 
configuration files.
[main] WARNING org.mvndaemon.mvnd.common.OsUtils - Could not execute java 
-XshowSettings:properties -version
Exception in thread "main" java.lang.IllegalStateException: Could not get 
value for Environment.JAVA_HOME from any of the following sources: value: 
java.home, property java.home in D:\Work\code\Automation\.mvn\mvnd.properties, 
property java.home in C:\Users\ravit\.m2\mvnd.properties, property java.home 
in D:\Work\maven\conf\mvnd.properties, system property java.home, environment 
variable JAVA_HOME, java command
	at org.mvndaemon.mvnd.client.DaemonParameters$EnvValue.couldNotgetValue(Daemon
Parameters.java:681)
	at org.mvndaemon.mvnd.client.DaemonParameters$EnvValue.lambda$orFail$8(DaemonP
arameters.java:656)
	at org.mvndaemon.mvnd.client.DaemonParameters$EnvValue.get(DaemonParameters.ja
va:691)
	at org.mvndaemon.mvnd.client.DaemonParameters$EnvValue.get(DaemonParameters.ja
va:686)
	at org.mvndaemon.mvnd.client.DaemonParameters$EnvValue$1.get(DaemonParameters.
java:753)
	at org.mvndaemon.mvnd.client.DaemonParameters$EnvValue.asPath(DaemonParameters
.java:712)
	at 
org.mvndaemon.mvnd.client.DaemonParameters.javaHome(DaemonParameters.java:168)
	at org.mvndaemon.mvnd.client.DaemonConnector.connect(DaemonConnector.java:100)
	at org.mvndaemon.mvnd.client.DefaultClient.execute(DefaultClient.java:353)
	at org.mvndaemon.mvnd.client.DefaultClient.main(DefaultClient.java:171)
	at java.base@22.0.2/java.lang.invoke.LambdaForm$DMH/sa346b79c.invokeStaticInit
(LambdaForm$DMH)
